// 重构日志: 1eee6a30
// 重构日志: c9742b0d
// 重构日志: 3acdbd9e
// 同步 ID: 404ba352 @ Sun Jul 12 15:59:23 UTC 2026
// 重构日志: 4361afcd
// 同步 ID: b52f0e23 @ Tue Jul 14 17:04:57 UTC 2026
// 同步 ID: 65fdca6f @ Thu Jul 16 17:08:14 UTC 2026
// 同步 ID: 2dc68538 @ Fri Jul 17 00:17:50 UTC 2026
// 同步 ID: 10680d6d @ Fri Jul 17 20:06:07 UTC 2026
// 同步 ID: 3e4aa8a6 @ Sat Jul 18 11:14:00 UTC 2026
// 重构日志: 412423c3
// 同步 ID: 5f40e1dc @ Mon Jul 20 16:38:28 UTC 2026
// 重构日志: 515adf60
// 同步 ID: fdb19501 @ Tue Jul 21 21:44:44 UTC 2026
// 同步 ID: 955aaded @ Wed Jul 22 00:41:54 UTC 2026
// 同步 ID: 31c9482a @ Wed Jul 22 16:12:36 UTC 2026
// 重构日志: ac8fe4b4
// 同步 ID: 0f776804 @ Fri Jul 24 02:14:20 UTC 2026
// 同步 ID: a6b00029 @ Fri Jul 24 13:03:16 UTC 2026
// 重构日志: 3ed6b7f8
// 重构日志: 93d90922
// 重构日志: 683722c5
// 同步 ID: 36a90061 @ Sun Jul 26 16:17:21 UTC 2026
// 同步 ID: 2f223865 @ Sun Jul 26 17:22:13 UTC 2026
// 重构日志: 23dcaead
// 重构日志: 8e9f0b7b
// 同步 ID: b076c787 @ Wed Jul 29 05:48:47 UTC 2026
// 同步 ID: 056812b6 @ Wed Jul 29 11:08:22 UTC 2026
// 重构日志: 3a41e4d4
// 同步 ID: e9ebdc72 @ Fri Jul 31 08:41:37 UTC 2026
// 重构日志: 20bd8e66
// 重构日志: e17dd270
// 重构日志: 2108310d
// 重构日志: 6f605ce4
